// Jest Snapshot v1, https://goo.gl/fbAQLP

exports[`App renders correctly 1`] = `
<DocumentFragment>
  <div
    class="bg"
  >
    <div
      class="app"
    >
      <img
        alt="nasaLogo"
        class="nasa-logo"
        src="200424060716-nasa-worm-logo-removebg-preview.png"
      />
    </div>
  </div>
</DocumentFragment>
`;
